client/src/pages/invoice-create.tsx(2,29): error TS2307: Cannot find module '@/hooks/use-mobile' or its corresponding type declarations.
client/src/pages/invoice-create.tsx(30,26): error TS2307: Cannot find module '@/hooks/use-toast' or its corresponding type declarations.
client/src/pages/invoice-create.tsx(31,49): error TS2307: Cannot find module '@/lib/store' or its corresponding type declarations.
client/src/pages/invoice-create.tsx(32,41): error TS2307: Cannot find module '@/hooks/use-transaction-bootstrap' or its corresponding type declarations.
client/src/pages/invoice-create.tsx(33,56): error TS2307: Cannot find module '@/lib/customer-snapshot' or its corresponding type declarations.
client/src/pages/invoice-create.tsx(34,41): error TS2307: Cannot find module '@/components/ui/alert' or its corresponding type declarations.
client/src/pages/invoice-create.tsx(36,24): error TS2307: Cannot find module '@/components/ui/button' or its corresponding type declarations.
client/src/pages/invoice-create.tsx(37,58): error TS2307: Cannot find module '@/components/ui/card' or its corresponding type declarations.
client/src/pages/invoice-create.tsx(38,23): error TS2307: Cannot find module '@/components/ui/input' or its corresponding type declarations.
client/src/pages/invoice-create.tsx(39,23): error TS2307: Cannot find module '@/components/ui/label' or its corresponding type declarations.
client/src/pages/invoice-create.tsx(40,26): error TS2307: Cannot find module '@/components/ui/textarea' or its corresponding type declarations.
client/src/pages/invoice-create.tsx(41,79): error TS2307: Cannot find module '@/components/ui/select' or its corresponding type declarations.
client/src/pages/invoice-create.tsx(42,79): error TS2307: Cannot find module '@/components/ui/table' or its corresponding type declarations.
client/src/pages/invoice-create.tsx(43,57): error TS2307: Cannot find module '@/components/ui/popover' or its corresponding type declarations.
client/src/pages/invoice-create.tsx(44,26): error TS2307: Cannot find module '@/components/ui/calendar' or its corresponding type declarations.
client/src/pages/invoice-create.tsx(45,24): error TS2307: Cannot find module '@/components/ui/switch' or its corresponding type declarations.
client/src/pages/invoice-create.tsx(47,20): error TS2307: Cannot find module '@/lib/utils' or its corresponding type declarations.
client/src/pages/invoice-create.tsx(48,23): error TS2307: Cannot find module '@/components/ui/badge' or its corresponding type declarations.
client/src/pages/invoice-create.tsx(49,27): error TS2307: Cannot find module '@/components/ui/separator' or its corresponding type declarations.
client/src/pages/invoice-create.tsx(50,95): error TS2307: Cannot find module '@/components/ui/dialog' or its corresponding type declarations.
client/src/pages/invoice-create.tsx(51,36): error TS2307: Cannot find module '@/components/ui/advanced-date-picker' or its corresponding type declarations.
client/src/pages/invoice-create.tsx(57,8): error TS2307: Cannot find module '@/components/ui/dropdown-menu' or its corresponding type declarations.
client/src/pages/invoice-create.tsx(58,42): error TS2307: Cannot find module '@/components/ManageSalespersonsDialog' or its corresponding type declarations.
